// Jest Snapshot v1, https://goo.gl/fbAQLP

exports[`Feature: UI Component: Layout/SocialMenu Scenario: Default renders a profile button 1`] = `[Function]`;
